// Jest Snapshot v1, https://goo.gl/fbAQLP

exports[`when converting applying a diff to MAST transforms correctly 1`] = `
Object {
  "attributes": Object {
    "xmlns": "http://www.mulesoft.org/schema/mule/core",
    "xmlns:db": "http://www.mulesoft.org/schema/mule/db",
    "xmlns:doc": "http://www.mulesoft.org/schema/mule/documentation",
    "xmlns:dw": "http://www.mulesoft.org/schema/mule/ee/dw",
    "xmlns:http": "http://www.mulesoft.org/schema/mule/http",
    "xmlns:mulexml": "http://www.mulesoft.org/schema/mule/xml",
    "xmlns:s3": "http://www.mulesoft.org/schema/mule/s3",
    "xmlns:spring": "http://www.springframework.org/schema/beans",
    "xmlns:tracking": "http://www.mulesoft.org/schema/mule/ee/tracking",
    "xmlns:xsi": "http://www.w3.org/2001/XMLSchema-instance",
    "xsi:schemaLocation": "http://www.springframework.org/schema/beans http://www.springframework.org/schema/beans/spring-beans-current.xsd
http://www.mulesoft.org/schema/mule/core http://www.mulesoft.org/schema/mule/core/current/mule.xsd
http://www.mulesoft.org/schema/mule/http http://www.mulesoft.org/schema/mule/http/current/mule-http.xsd
http://www.mulesoft.org/schema/mule/db http://www.mulesoft.org/schema/mule/db/current/mule-db.xsd
http://www.mulesoft.org/schema/mule/ee/tracking http://www.mulesoft.org/schema/mule/ee/tracking/current/mule-tracking-ee.xsd
http://www.mulesoft.org/schema/mule/s3 http://www.mulesoft.org/schema/mule/s3/current/mule-s3.xsd
http://www.mulesoft.org/schema/mule/xml http://www.mulesoft.org/schema/mule/xml/current/mule-xml.xsd",
  },
  "content": Array [
    Object {
      "attributes": Object {
        "name": "example:/http-incoming-flow",
      },
      "content": Array [
        Object {
          "content": Array [
            Object {
              "content": null,
              "description": "Overwrite the payload",
              "hash": 266487046,
              "labels": Array [
                "added",
              ],
              "location": null,
              "tag-name": "set-payload",
              "type": "component",
            },
            Object {
              "attributes": Object {
                "config-ref": "example-pizza-httpListenerConfig",
                "doc:name": "HTTP",
                "path": "/",
              },
              "content-hash": -2017569654,
              "description": "HTTP",
              "hash": -699903627,
              "labels": Array [],
              "location": Object {
                "column": 95,
                "line": 14,
              },
              "tag-name": "http:listener",
              "type": "component",
            },
            Object {
              "attributes": Object {
                "doc:name": "Set Z level to 9000",
                "value": "#[9000]",
                "variableName": "z-level",
              },
              "change-record": Array [
                Object {
                  "delta": Array [
                    1907014272,
                    641237277,
                  ],
                  "name": "hash",
                },
                Object {
                  "delta": Array [
                    "Set Z level to 9000",
                    "Set Z level to 7000",
                  ],
                  "name": "description",
                },
              ],
              "content-hash": -2017569654,
              "description": "Set Z level to 7000",
              "hash": 641237277,
              "labels": Array [
                "edited",
              ],
              "location": Object {
                "column": 93,
                "line": 15,
              },
              "tag-name": "set-variable",
              "type": "component",
            },
            Object {
              "attributes": Object {
                "doc:name": "Overwrite the payload",
                "value": "#['lol']",
              },
              "content-hash": -2017569654,
              "description": "Overwrite the payload",
              "hash": 1820937142,
              "labels": Array [],
              "location": Object {
                "column": 72,
                "line": 16,
              },
              "tag-name": "set-payload",
              "type": "component",
            },
            Object {
              "attributes": Object {
                "doc:name": "example:/expunge-convolvers",
                "name": "example:/expunge-convolvers",
              },
              "content-hash": -2017569654,
              "description": "example:/expunge-convolvers",
              "hash": 661336026,
              "labels": Array [],
              "location": Object {
                "column": 93,
                "line": 17,
              },
              "tag-name": "flow-ref",
              "type": "component",
            },
            Object {
              "attributes": Object {
                "doc:name": "Filter recalcitrant ions",
                "expression": "",
              },
              "content-hash": -2017569654,
              "description": "Filter recalcitrant ions",
              "hash": -586981530,
              "labels": Array [
                "removed",
              ],
              "location": Object {
                "column": 78,
                "line": 18,
              },
              "tag-name": "expression-filter",
              "type": "component",
            },
            Object {
              "attributes": Object {
                "doc:name": "For Each",
              },
              "content": Array [
                Object {
                  "content": null,
                  "description": "example:/strain-overflow-noodle-requests",
                  "hash": -2070961420,
                  "labels": Array [
                    "added",
                  ],
                  "location": null,
                  "tag-name": "flow-ref",
                  "type": "component",
                },
                Object {
                  "content": null,
                  "description": "example:/strain-overflow-noodle-requests",
                  "hash": -2070961420,
                  "labels": Array [
                    "added",
                  ],
                  "location": null,
                  "tag-name": "flow-ref",
                  "type": "component",
                },
                Object {
                  "content": null,
                  "description": "example:/strain-overflow-noodle-requests",
                  "hash": -2070961420,
                  "labels": Array [
                    "added",
                  ],
                  "location": null,
                  "tag-name": "flow-ref",
                  "type": "component",
                },
                Object {
                  "content": null,
                  "description": "example:/strain-overflow-noodle-requests",
                  "hash": -2070961420,
                  "labels": Array [
                    "added",
                  ],
                  "location": null,
                  "tag-name": "flow-ref",
                  "type": "component",
                },
                Object {
                  "attributes": Object {
                    "doc:name": "example:/strain-overflow-noodle-requests",
                    "name": "example:/strain-overflow-noodle-requests",
                  },
                  "content-hash": -2017569654,
                  "description": "example:/strain-overflow-noodle-requests",
                  "hash": 160630889,
                  "labels": Array [],
                  "location": Object {
                    "column": 123,
                    "line": 20,
                  },
                  "tag-name": "flow-ref",
                  "type": "component",
                },
              ],
              "description": "For Each",
              "hash": 242079301,
              "labels": Array [
                "horizontal",
              ],
              "location": Object {
                "column": 37,
                "line": 19,
              },
              "tag-name": "foreach",
              "type": "container",
            },
            Object {
              "attributes": Object {
                "doc:name": "Server Noodles",
              },
              "content-hash": -2017569654,
              "description": "Server Noodles",
              "hash": -1584631798,
              "labels": Array [],
              "location": Object {
                "column": 48,
                "line": 22,
              },
              "tag-name": "set-payload",
              "type": "component",
            },
            Object {
              "attributes": Object {
                "doc:name": "Deduplicate",
              },
              "change-record": Array [
                Object {
                  "delta": Array [
                    385704797,
                    251600214,
                  ],
                  "name": "hash",
                },
              ],
              "content-hash": -539022716,
              "description": "Deduplicate",
              "hash": 251600214,
              "labels": Array [
                "edited",
              ],
              "location": Object {
                "column": 53,
                "line": 23,
              },
              "tag-name": "dw:transform-message",
              "type": "component",
            },
            Object {
              "content": null,
              "description": "Server Noodles 2",
              "hash": 798826535,
              "labels": Array [
                "added",
              ],
              "location": null,
              "tag-name": "set-payload",
              "type": "component",
            },
          ],
          "description": "",
          "labels": Array [
            "horizontal",
            "top",
          ],
          "tag-name": "psuedo",
          "type": "container",
        },
        Object {
          "content": Array [
            Object {
              "attributes": Object {
                "doc:name": "Catch Exception Strategy",
              },
              "content": Array [
                Object {
                  "content": null,
                  "description": "Nothing to see here",
                  "hash": 54737936,
                  "labels": Array [
                    "added",
                  ],
                  "location": null,
                  "tag-name": "set-payload",
                  "type": "component",
                },
                Object {
                  "attributes": Object {
                    "doc:name": "Nothing to see here",
                  },
                  "change-record": Array [
                    Object {
                      "delta": Array [
                        54737936,
                        266487046,
                      ],
                      "name": "hash",
                    },
                    Object {
                      "delta": Array [
                        "Nothing to see here",
                        "Overwrite the payload",
                      ],
                      "name": "description",
                    },
                  ],
                  "content-hash": -2017569654,
                  "description": "Overwrite the payload",
                  "hash": 266487046,
                  "labels": Array [
                    "edited",
                  ],
                  "location": Object {
                    "column": 57,
                    "line": 32,
                  },
                  "tag-name": "set-payload",
                  "type": "component",
                },
                Object {
                  "attributes": Object {
                    "doc:name": "Nor here",
                  },
                  "content-hash": -2017569654,
                  "description": "Nor here",
                  "hash": -1443655736,
                  "labels": Array [],
                  "location": Object {
                    "column": 65,
                    "line": 33,
                  },
                  "tag-name": "message-properties-transformer",
                  "type": "component",
                },
              ],
              "description": "Catch Exception Strategy",
              "hash": 497298084,
              "labels": Array [
                "error-handler",
              ],
              "location": Object {
                "column": 70,
                "line": 31,
              },
              "tag-name": "catch-exception-strategy",
              "type": "container",
            },
          ],
          "description": "",
          "labels": Array [
            "horizontal",
            "bottom",
          ],
          "tag-name": "psuedo",
          "type": "container",
        },
      ],
      "description": "example:/http-incoming-flow",
      "labels": Array [
        "vertical",
      ],
      "location": Object {
        "column": 45,
        "line": 13,
      },
      "tag-name": "flow",
      "type": "error-container",
    },
    Object {
      "attributes": Object {
        "name": "example:/expunge-convolvers",
      },
      "content": Array [
        Object {
          "attributes": Object {
            "bulkMode": "false",
            "config-ref": "",
            "doc:name": "Flush the convolver prisms",
          },
          "content-hash": -2017569654,
          "description": "Flush the convolver prisms",
          "hash": -1512076747,
          "labels": Array [],
          "location": Object {
            "column": 104,
            "line": 37,
          },
          "tag-name": "db:no-operation-selected",
          "type": "component",
        },
        Object {
          "attributes": Object {
            "doc:name": "Did the flush occur?",
          },
          "content": Array [
            Object {
              "attributes": Object {
                "expression": "",
              },
              "content": Array [
                Object {
                  "attributes": Object {
                    "config-ref": "",
                    "doc:name": "Fetch more prisms",
                  },
                  "content-hash": -2017569654,
                  "description": "Fetch more prisms",
                  "hash": -615782938,
                  "labels": Array [],
                  "location": Object {
                    "column": 86,
                    "line": 40,
                  },
                  "tag-name": "s3:no-operation-selected",
                  "type": "component",
                },
                Object {
                  "attributes": Object {
                    "doc:name": "Log number of fanglehockeys",
                    "level": "INFO",
                  },
                  "content-hash": -2017569654,
                  "description": "Log number of fanglehockeys",
                  "hash": 1560335807,
                  "labels": Array [],
                  "location": Object {
                    "column": 77,
                    "line": 41,
                  },
                  "tag-name": "logger",
                  "type": "component",
                },
              ],
              "description": null,
              "hash": 2014296490,
              "labels": Array [
                "horizontal",
              ],
              "location": Object {
                "column": 32,
                "line": 39,
              },
              "tag-name": "when",
              "type": "container",
            },
            Object {
              "attributes": Object {},
              "content": Array [
                Object {
                  "attributes": Object {
                    "doc:name": "Log Error",
                    "level": "INFO",
                    "message": "Bar",
                  },
                  "content-hash": -2017569654,
                  "description": "Log Error",
                  "hash": 2043302591,
                  "labels": Array [],
                  "location": Object {
                    "column": 73,
                    "line": 44,
                  },
                  "tag-name": "logger",
                  "type": "component",
                },
              ],
              "description": null,
              "hash": -15128758,
              "labels": Array [
                "horizontal",
              ],
              "location": Object {
                "column": 23,
                "line": 43,
              },
              "tag-name": "otherwise",
              "type": "container",
            },
          ],
          "description": "Did the flush occur?",
          "hash": -1105159260,
          "labels": Array [
            "vertical",
          ],
          "location": Object {
            "column": 48,
            "line": 38,
          },
          "tag-name": "choice",
          "type": "container",
        },
      ],
      "description": "example:/expunge-convolvers",
      "hash": 1066677628,
      "labels": Array [
        "horizontal",
        "removed",
      ],
      "location": Object {
        "column": 49,
        "line": 36,
      },
      "tag-name": "sub-flow",
      "type": "container",
    },
    Object {
      "attributes": Object {
        "name": "example:/strain-overflow-noodle-requests",
      },
      "content": Array [
        Object {
          "attributes": Object {
            "doc:name": "Clean carburetors",
          },
          "content": Array [
            Object {
              "attributes": Object {
                "doc:name": "Processor Chain",
              },
              "content": Array [
                Object {
                  "attributes": Object {
                    "config-ref": "",
                    "doc:name": "Clean Carburetor 1",
                    "method": "",
                    "path": "",
                  },
                  "content-hash": -2017569654,
                  "description": "Clean Carburetor 1",
                  "hash": 1805930470,
                  "labels": Array [],
                  "location": Object {
                    "column": 93,
                    "line": 51,
                  },
                  "tag-name": "http:request",
                  "type": "component",
                },
                Object {
                  "attributes": Object {
                    "doc:name": "XML to DOM",
                  },
                  "content-hash": -2017569654,
                  "description": "XML to DOM",
                  "hash": -269132085,
                  "labels": Array [],
                  "location": Object {
                    "column": 71,
                    "line": 52,
                  },
                  "tag-name": "mulexml:xml-to-dom-transformer",
                  "type": "component",
                },
              ],
              "description": "Processor Chain",
              "hash": 1690317879,
              "labels": Array [
                "horizontal",
              ],
              "location": Object {
                "column": 56,
                "line": 50,
              },
              "tag-name": "processor-chain",
              "type": "container",
            },
            Object {
              "attributes": Object {},
              "content": Array [
                Object {
                  "attributes": Object {
                    "config-ref": "",
                    "doc:name": "Oops this has a really long name",
                    "method": "",
                    "path": "",
                  },
                  "content-hash": -2017569654,
                  "description": "Oops this has a really long name",
                  "hash": 1450511924,
                  "labels": Array [],
                  "location": Object {
                    "column": 107,
                    "line": 55,
                  },
                  "tag-name": "http:request",
                  "type": "component",
                },
                Object {
                  "attributes": Object {
                    "doc:name": "Set Payload",
                  },
                  "content-hash": -2017569654,
                  "description": "Set Payload",
                  "hash": 2077915881,
                  "labels": Array [],
                  "location": Object {
                    "column": 53,
                    "line": 56,
                  },
                  "tag-name": "set-payload",
                  "type": "component",
                },
              ],
              "description": null,
              "hash": -15128758,
              "labels": Array [
                "horizontal",
              ],
              "location": Object {
                "column": 29,
                "line": 54,
              },
              "tag-name": "processor-chain",
              "type": "container",
            },
            Object {
              "attributes": Object {
                "config-ref": "",
                "doc:name": "Clean Carburetor 3",
                "method": "",
                "path": "",
              },
              "content-hash": -2017569654,
              "description": "Clean Carburetor 3",
              "hash": 1153502827,
              "labels": Array [],
              "location": Object {
                "column": 89,
                "line": 58,
              },
              "tag-name": "http:request",
              "type": "component",
            },
          ],
          "description": "Clean carburetors",
          "hash": -688832045,
          "labels": Array [
            "vertical",
          ],
          "location": Object {
            "column": 53,
            "line": 49,
          },
          "tag-name": "scatter-gather",
          "type": "container",
        },
        Object {
          "attributes": Object {
            "config-ref": "",
            "doc:name": "Start Internal Noodle Engine",
            "method": "",
            "path": "",
          },
          "content-hash": -2017569654,
          "description": "Start Internal Noodle Engine",
          "hash": -1535423867,
          "labels": Array [],
          "location": Object {
            "column": 95,
            "line": 60,
          },
          "tag-name": "http:request",
          "type": "component",
        },
      ],
      "description": "example:/strain-overflow-noodle-requests",
      "hash": 1816956808,
      "labels": Array [
        "horizontal",
      ],
      "location": Object {
        "column": 62,
        "line": 48,
      },
      "tag-name": "sub-flow",
      "type": "container",
    },
  ],
  "description": null,
  "hash": -83749566,
  "labels": Array [
    "vertical",
    "root",
  ],
  "location": Object {
    "column": 102,
    "line": 12,
  },
  "tag-name": "mule",
  "type": "container",
}
`;
